// Jest Snapshot v1, https://goo.gl/fbAQLP

exports[`App should match snapshot 1`] = `
<div>
  <Jss(Header) />
  <div>
    <Switch>
      <Route
        exact={true}
        key="/about"
        path="/about"
      />
      <Route
        component={[Function]}
        exact={true}
        key="/events"
        path="/events"
      />
      <Route
        component={[Function]}
        exact={true}
        key="/event/:id"
        path="/event/:id"
      />
      <Route
        component={[Function]}
        path="/"
      />
    </Switch>
  </div>
</div>
`;
