// Jest Snapshot v1, https://goo.gl/fbAQLP

exports[`App should match snapshot 1`] = `
<div>
  <Jss(Header) />
  <div>
    <Switch>
      <Route
        exact={false}
        key="/about"
        path="/about"
      />
      <Route
        component={[Function]}
        exact={false}
        key="/"
        path="/"
      />
    </Switch>
  </div>
</div>
`;
